
SQL> SELECT DepartmentID AS Dept_ID,
  2         DepartmentName AS Dept_Name,
  3         OfficeLocation AS Office_Location
  4  FROM Department;

   DEPT_ID DEPT_NAME
---------- --------------------------------------------------
OFFICE_LOCATION
--------------------------------------------------
       101 Computer Science and Engineering
Block A

       102 Computer Science and Engineering(AIML)
Block B

       103 Civil Engineering
Block C


   DEPT_ID DEPT_NAME
---------- --------------------------------------------------
OFFICE_LOCATION
--------------------------------------------------
       104 Mechanical Engineering
Block D

       105 Electrical Electronics and Engineering
Block E

       106 Civil Engineering with Computer Application
Block F


   DEPT_ID DEPT_NAME
---------- --------------------------------------------------
OFFICE_LOCATION
--------------------------------------------------
       107 3D Animation and Graphics
Block G


7 rows selected.

SQL> SELECT StudentID AS Roll_No,
  2         Name AS Student_Name,
  3         DepartmentID AS Dept_ID
  4  FROM Studentsssss1;

   ROLL_NO STUDENT_NAME                                          DEPT_ID
---------- -------------------------------------------------- ----------
2.3105E+10 SHIRSTY PRIYA                                             101
2.3105E+10 PIYUSH RAJ                                                101
2.3105E+10 NIKHIL SINGH                                              101
2.3105E+10 RANVIJAY KUMAR                                            101
2.3105E+10 UDIT KUMAR                                                101
2.3105E+10 AMARJEET KUMAR                                            101
2.3105E+10 ALTAF                                                     101
2.3105E+10 ASHA KUMARI                                               101
2.3105E+10 ANANYA KUMARI                                             102
2.3105E+10 MALTI KUMARI                                              102
2.3105E+10 KOMAL KUMARI                                              102

   ROLL_NO STUDENT_NAME                                          DEPT_ID
---------- -------------------------------------------------- ----------
2.3105E+10 RAHUL KUMAR                                               102
2.3105E+10 ANU KUMARI                                                102
2.3105E+10 KAJAL KUMARI                                              102
2.3105E+10 AASHU KUMAR                                               102
2.3105E+10 MEENU KUMARI                                              102
2.3105E+10 manisha KUMARI                                            103
2.3105E+10 jyoti KUMARI                                              103
2.3105E+10 SANSKAR                                                   103
2.3105E+10 AMIT KUMAR                                                103
2.3105E+10 SONU KUMAR                                                103
2.3105E+10 HIMANSHU KUMAR                                            103

   ROLL_NO STUDENT_NAME                                          DEPT_ID
---------- -------------------------------------------------- ----------
2.3105E+10 RAHUL KUMARI                                              103
2.3105E+10 BADAL KUMAR                                               103
2.3105E+10 SUSHIL SAGAR                                              104
2.3105E+10 PREM SAGAR                                                104
2.3105E+10 RAM SAGAR                                                 104
2.3105E+10 PREM KISOR                                                104
2.3105E+10 ROHAN KUMAR                                               104
2.3105E+10  SMITA KUMARI                                             104
2.3105E+10 SHWETA KUMARI                                             104
2.3105E+10 SWERNA KUMARI                                             104
2.3105E+10 SONAM KUMARI                                              104

   ROLL_NO STUDENT_NAME                                          DEPT_ID
---------- -------------------------------------------------- ----------
2.3105E+10 SHOBHA KUMARI                                             104
2.3105E+10 RAJA KUMAR                                                105
2.3105E+10 ANAMIKA KUMARI                                            105
2.3105E+10 BABLI KUMARI                                              105
2.3105E+10 PIYUSH RAJ                                                105
2.3105E+10 GAJADHAR KUMAR                                            105
2.3105E+10 ASHISH SRIVASTAV                                          105
2.3105E+10 NIDHI KUMARI                                              105
2.3105E+10 PIYUSH DANGI                                              105
2.3105E+10 ARUN KUMAR                                                105
2.3105E+10 RITIKA KUMARI                                             106

   ROLL_NO STUDENT_NAME                                          DEPT_ID
---------- -------------------------------------------------- ----------
2.3105E+10 ROHIT KUMAR                                               106
2.3105E+10 AVINASH KUMAR                                             106
2.3105E+10 ARCHANA KUMARI                                            106
2.3105E+10 PUJA KUMARI                                               106
2.3105E+10 RITU KUMARI                                               106
2.3105E+10 NITU KUMARI                                               106
2.3105E+10 TANISHA KUMARI                                            106
2.3105E+10 HARSHIT KUMAR                                             106
2.3105E+10 ROHIMI KUMARI                                             106
2.3105E+10 GOVIND KUMAR                                              107
2.3105E+10 ANIKA KUMARI                                              107

   ROLL_NO STUDENT_NAME                                          DEPT_ID
---------- -------------------------------------------------- ----------
2.3105E+10 ANNI KUMARI                                               107
2.3105E+10 ANKITA KUMARI                                             107
2.3105E+10 RAJNISH KUMARI                                            107
2.3105E+10 EKWAL                                                     107
2.3105E+10 ANINA KUMARI                                              107
2.3105E+10 ANITA KUMARI                                              107

61 rows selected.

SQL> SELECT FacultyID AS Faculty_ID,
  2         Name AS Faculty_Name,
  3         Designation AS Faculty_Designation,
  4         Email AS Faculty_Email
  5  FROM Faculty1;

FACULTY_ID FACULTY_NAME
---------- --------------------------------------------------
FACULTY_DESIGNATION
------------------------------
FACULTY_EMAIL
--------------------------------------------------
       501 SUJEET KUMAR
Associate Professor
sujeet989kumar@gmail.com

       502 MURLIDHAR SINGH PRASAD
H.O.D
murli1989kumar@gmail.com

FACULTY_ID FACULTY_NAME
---------- --------------------------------------------------
FACULTY_DESIGNATION
------------------------------
FACULTY_EMAIL
--------------------------------------------------

       503 M.D IZHAR
Associate Professor
izhar1@gmail.com

       504 M.D HAQUE
H.O.D

FACULTY_ID FACULTY_NAME
---------- --------------------------------------------------
FACULTY_DESIGNATION
------------------------------
FACULTY_EMAIL
--------------------------------------------------
ehtasham47@gmail.com

       505 Parveen Kumar
Associate Professor
parveen47@gmail.com

       508 PANKAJ KUMAR

FACULTY_ID FACULTY_NAME
---------- --------------------------------------------------
FACULTY_DESIGNATION
------------------------------
FACULTY_EMAIL
--------------------------------------------------
Associate Professor
pankajk347@gmail.com

       509 RAUSHAN ANAND
Associate Professor
raushank347@gmail.com


FACULTY_ID FACULTY_NAME
---------- --------------------------------------------------
FACULTY_DESIGNATION
------------------------------
FACULTY_EMAIL
--------------------------------------------------
       510 VICKY ANAND
Associate Professor
vickyanand4347@gmail.com

       511 RUPESH KUMAR
Associate Professor
rupesh947@gmail.com

FACULTY_ID FACULTY_NAME
---------- --------------------------------------------------
FACULTY_DESIGNATION
------------------------------
FACULTY_EMAIL
--------------------------------------------------

       512 AKHILESH KUMAR
Associate Professor
akhilesh47@gmail.com

       513 BABLU DAS
Associate Professor

FACULTY_ID FACULTY_NAME
---------- --------------------------------------------------
FACULTY_DESIGNATION
------------------------------
FACULTY_EMAIL
--------------------------------------------------
bablud76@gmail.com

       514 UTTAM KUMAR
Associate Professor
utamk@gmail.com

       515 ASHISH SUMAN KUMAR

FACULTY_ID FACULTY_NAME
---------- --------------------------------------------------
FACULTY_DESIGNATION
------------------------------
FACULTY_EMAIL
--------------------------------------------------
Associate Professor
ashishs@gmail.com

       516 BHAVESH NANDAN
Associate Professor
bhavesh7@gmail.com


FACULTY_ID FACULTY_NAME
---------- --------------------------------------------------
FACULTY_DESIGNATION
------------------------------
FACULTY_EMAIL
--------------------------------------------------
       517 SOMNATH KUMAR RAI
Associate Professor
somnath@gmail.com

       518 JITENDAR KUMAR
Associate Professor
jitendr@gmail.com

FACULTY_ID FACULTY_NAME
---------- --------------------------------------------------
FACULTY_DESIGNATION
------------------------------
FACULTY_EMAIL
--------------------------------------------------

       519 DIPENDRA KUMAR
Associate Professor
dipendrak34@gmail.com

       520 NISHIKANT KUMAR
Associate Professor

FACULTY_ID FACULTY_NAME
---------- --------------------------------------------------
FACULTY_DESIGNATION
------------------------------
FACULTY_EMAIL
--------------------------------------------------
nishik21@gmail.com

       521 SHIV KUMAR
Associate Professor
shivk@gmail.com

       522 ARUN KUMAR

FACULTY_ID FACULTY_NAME
---------- --------------------------------------------------
FACULTY_DESIGNATION
------------------------------
FACULTY_EMAIL
--------------------------------------------------
Associate Professor
arun2@gmail.com

       523 RAVI RAJ
Associate Professor
ravi76@gmail.com


FACULTY_ID FACULTY_NAME
---------- --------------------------------------------------
FACULTY_DESIGNATION
------------------------------
FACULTY_EMAIL
--------------------------------------------------
       524 PRITY KUMARI
Associate Professor
prityk90@gmail.com

       525 SHAKILA KUMARI
Associate Professor
shakilak90@gmail.com

FACULTY_ID FACULTY_NAME
---------- --------------------------------------------------
FACULTY_DESIGNATION
------------------------------
FACULTY_EMAIL
--------------------------------------------------

       526 GANGESH KUMAR
Associate Professor
gangeshk90@gmail.com

       527 MANOJ KUMAR
Associate Professor

FACULTY_ID FACULTY_NAME
---------- --------------------------------------------------
FACULTY_DESIGNATION
------------------------------
FACULTY_EMAIL
--------------------------------------------------
manojk90@gmail.com

       528 AJAY GIRI
Associate Professor
ajaygiri50@gmail.com


26 rows selected.

SQL> SELECT CourseID AS Course_ID,
  2         CourseName AS Course_Name,
  3         Credits AS Course_Credits,
  4         DepartmentID AS Dept_ID,
  5         FacultyID AS Faculty_ID
  6  FROM Course11;

 COURSE_ID COURSE_NAME                                        COURSE_CREDITS
---------- -------------------------------------------------- --------------
   DEPT_ID FACULTY_ID
---------- ----------
    100501 ARTIFICIAL INTELLIGENCY                                         4
       101        501

    100502 SOFTWARE ENGINEERING                                            4
       101        502

    100503 DBMS                                                            4
       101        503


 COURSE_ID COURSE_NAME                                        COURSE_CREDITS
---------- -------------------------------------------------- --------------
   DEPT_ID FACULTY_ID
---------- ----------
    100504 FLAT                                                            4
       101        504

    100505 PROFESSIONAL SKILL DEVELPMENT                                   4
       101        505

    100506 MACHINE LEARNING                                                4
       107        501


 COURSE_ID COURSE_NAME                                        COURSE_CREDITS
---------- -------------------------------------------------- --------------
   DEPT_ID FACULTY_ID
---------- ----------
    100507 COMPUTER NETWORK                                                4
       105        508

    100508 ARTIFICIAL INTELLIGENCE                                         5
       107        501

    100509 GEOTECHNICAL ENGINEERING                                        2
       105        501


 COURSE_ID COURSE_NAME                                        COURSE_CREDITS
---------- -------------------------------------------------- --------------
   DEPT_ID FACULTY_ID
---------- ----------
    100510 ENVIROMENTAL ENGINEERING                                        3
       103        501

    100511 MECHANICS OF MATERIAL                                           5
       103        522

    100512 HYDROLOGY AND WATER RESOURES                                    4
       103        523


 COURSE_ID COURSE_NAME                                        COURSE_CREDITS
---------- -------------------------------------------------- --------------
   DEPT_ID FACULTY_ID
---------- ----------
    100513 FLUID MACHINARY                                                 4
       104        524

   1005014 HEAT TRASFER                                                    4
       104        511

    100515 KINEMATICS OF MACHINARY                                         4
       104        512


 COURSE_ID COURSE_NAME                                        COURSE_CREDITS
---------- -------------------------------------------------- --------------
   DEPT_ID FACULTY_ID
---------- ----------
    100516 POWER ELECTRONICS                                               5
       105        516

    100517 CONTROL SYSTEM                                                  5
       105        517

    100518 ANALOG N DIGITAL                                                5
       105        518


 COURSE_ID COURSE_NAME                                        COURSE_CREDITS
---------- -------------------------------------------------- --------------
   DEPT_ID FACULTY_ID
---------- ----------
    100519 POWER ELECTRONICS                                               4
       106        519

    100520 POWER ELECTRONICS                                               4
       106        519

    100521 GEAOTECHNICAL ENGINEERING                                       4
       106        520


 COURSE_ID COURSE_NAME                                        COURSE_CREDITS
---------- -------------------------------------------------- --------------
   DEPT_ID FACULTY_ID
---------- ----------
    100522 ENVIROMENTAL ENGINEERING                                        4
       106        521

    100523 3D MODELLING                                                    4
       107        520

    100524 3D TEXTURING                                                    5
       107        521


 COURSE_ID COURSE_NAME                                        COURSE_CREDITS
---------- -------------------------------------------------- --------------
   DEPT_ID FACULTY_ID
---------- ----------
    100525 3D CHARACTER DESING                                             4
       107        522

    100526 DESIGN THINKING                                                 3
       107        520

    100527 DISCREATE MATHEMATICS                                           4
       102        520


 COURSE_ID COURSE_NAME                                        COURSE_CREDITS
---------- -------------------------------------------------- --------------
   DEPT_ID FACULTY_ID
---------- ----------
    100528 DAA                                                             4
       102        520


28 rows selected.

SQL> SELECT EnrollmentID AS Enroll_ID,
  2         StudentID AS Student_ID,
  3         CourseID AS Course_ID,
  4         EnrollmentDate AS Enroll_Date,
  5         Semester AS Semester_No,
  6         Grade AS Final_Grade
  7  FROM Enrollment1;

 ENROLL_ID STUDENT_ID  COURSE_ID ENROLL_DA SEMESTER_N FI
---------- ---------- ---------- --------- ---------- --
       501 2.3105E+10     100501 05-JAN-26 5th        A+
       502 2.3105E+10     100502 05-JAN-26 5th        B+
       503 2.3105E+10     100503 05-JAN-26 5th        A+
       504 2.3105E+10     100504 05-JAN-26 5th        C
       505 2.3105E+10     100505 05-JAN-26 5th        A+
       506 2.3105E+10     100506 15-JAN-26 5th        A+
       507 2.3105E+10     100507 05-JAN-26 5th        B+
       508 2.3105E+10     100508 05-FEB-26 5th        C
       509 2.3105E+10     100509 05-JAN-26 5th        B+
       510 2.3105E+10     100510 25-JAN-26 5th        B
       511 2.3105E+10     100511 07-JAN-26 5th        A+

 ENROLL_ID STUDENT_ID  COURSE_ID ENROLL_DA SEMESTER_N FI
---------- ---------- ---------- --------- ---------- --
       512 2.3105E+10     100512 05-JAN-26 5th        C
       513 2.3105E+10     100513 15-JAN-26 5th        A+
       514 2.3105E+10     100515 05-JAN-26 5th        A+
       515 2.3105E+10     100516 05-FEB-26 5th        C
      5016 2.3105E+10     100517 05-JAN-26 5th        A+
      5017 2.3105E+10     100518 05-JAN-26 5th        A+
      5018 2.3105E+10     100519 08-JAN-26 5th        B+
      5019 2.3105E+10     100520 05-JAN-26 5th        B
      5020 2.3105E+10     100521 12-JAN-26 5th        A+
      5021 2.3105E+10     100522 12-JAN-26 5th        A+
      5022 2.3105E+10     100522 15-JAN-26 5th        A+

 ENROLL_ID STUDENT_ID  COURSE_ID ENROLL_DA SEMESTER_N FI
---------- ---------- ---------- --------- ---------- --
      5023 2.3105E+10     100523 12-JAN-26 5th        B
      5024 2.3105E+10     100524 12-FEB-26 5th        A+
      5025 2.3105E+10     100525 12-FEB-26 5th        B+
      5026 2.3105E+10     100526 12-FEB-26 5th        C
      5027 2.3105E+10     100527 12-FEB-26 5th        A+
      5028 2.3105E+10     100528 12-FEB-26 5th        B+
      5029 2.3105E+10     100524 12-FEB-26 5th        A+
      5030 2.3105E+10     100520 12-FEB-26 5th        A+
      5031 2.3105E+10     100521 12-FEB-26 5th        B+
      5032 2.3105E+10     100515 12-FEB-26 5th        A+
      5033 2.3105E+10     100516 14-JAN-26 5th        A+

 ENROLL_ID STUDENT_ID  COURSE_ID ENROLL_DA SEMESTER_N FI
---------- ---------- ---------- --------- ---------- --
      5034 2.3105E+10     100524 18-FEB-26 5th        A+
      5035 2.3105E+10     100523 18-JAN-26 5th        A+
      5037 2.3105E+10     100521 18-FEB-26 5th        A+
      5038 2.3105E+10     100522 18-FEB-26 5th        A+
      5039 2.3105E+10     100523 18-FEB-26 5th        C
      5040 2.3105E+10     100521 18-FEB-26 5th        A+

39 rows selected.

SQL>Part B – WHERE Clause........

SQL> SELECT * FROM Studentsssss1
  2  WHERE DepartmentID = 101;

 STUDENTID NAME                                               DATEOFBIR G
---------- -------------------------------------------------- --------- -
CONTACTNUMBER   DEPARTMENTID
--------------- ------------
2.3105E+10 SHIRSTY PRIYA                                      03-FEB-04 F
5432678546               101

2.3105E+10 PIYUSH RAJ                                         13-FEB-04 M
8765678546               101

2.3105E+10 NIKHIL SINGH                                       23-FEB-04 F
5432672346               101


 STUDENTID NAME                                               DATEOFBIR G
---------- -------------------------------------------------- --------- -
CONTACTNUMBER   DEPARTMENTID
--------------- ------------
2.3105E+10 RANVIJAY KUMAR                                     08-FEB-04 M
5432678598               101

2.3105E+10 UDIT KUMAR                                         09-FEB-04 M
54326785496              101

2.3105E+10 AMARJEET KUMAR                                     07-FEB-04 M
5432678098               101


 STUDENTID NAME                                               DATEOFBIR G
---------- -------------------------------------------------- --------- -
CONTACTNUMBER   DEPARTMENTID
--------------- ------------
2.3105E+10 ALTAF                                              05-JUL-98 M
9876678546               101

2.3105E+10 ASHA KUMARI                                        05-JAN-05 F
9142846256               101


8 rows selected.

SQL> SELECT * FROM Studentsssss1
  2  WHERE Gender = 'F';

 STUDENTID NAME                                               DATEOFBIR G
---------- -------------------------------------------------- --------- -
CONTACTNUMBER   DEPARTMENTID
--------------- ------------
2.3105E+10 SHIRSTY PRIYA                                      03-FEB-04 F
5432678546               101

2.3105E+10 NIKHIL SINGH                                       23-FEB-04 F
5432672346               101

2.3105E+10 ASHA KUMARI                                        05-JAN-05 F
9142846256               101


 STUDENTID NAME                                               DATEOFBIR G
---------- -------------------------------------------------- --------- -
CONTACTNUMBER   DEPARTMENTID
--------------- ------------
2.3105E+10 ANANYA KUMARI                                      13-NOV-03 F
9263363946               102

2.3105E+10 MALTI KUMARI                                       03-NOV-03 F
9263363940               102

2.3105E+10 KOMAL KUMARI                                       23-NOV-03 F
9263363947               102


 STUDENTID NAME                                               DATEOFBIR G
---------- -------------------------------------------------- --------- -
CONTACTNUMBER   DEPARTMENTID
--------------- ------------
2.3105E+10 ANU KUMARI                                         01-NOV-03 F
9263343940               102

2.3105E+10 KAJAL KUMARI                                       23-NOV-03 F
9263369940               102

2.3105E+10 MEENU KUMARI                                       13-NOV-03 F
9263563940               102


 STUDENTID NAME                                               DATEOFBIR G
---------- -------------------------------------------------- --------- -
CONTACTNUMBER   DEPARTMENTID
--------------- ------------
2.3105E+10 manisha KUMARI                                     13-NOV-02 F
9263563987               103

2.3105E+10 jyoti KUMARI                                       07-NOV-03 F
9263563240               103

2.3105E+10  SMITA KUMARI                                      15-FEB-02 F
9263563230               104


 STUDENTID NAME                                               DATEOFBIR G
---------- -------------------------------------------------- --------- -
CONTACTNUMBER   DEPARTMENTID
--------------- ------------
2.3105E+10 SHWETA KUMARI                                      05-DEC-02 F
8963563230               104

2.3105E+10 SWERNA KUMARI                                      07-DEC-02 F
9253563230               104

2.3105E+10 SONAM KUMARI                                       15-DEC-02 F
9273563230               104


 STUDENTID NAME                                               DATEOFBIR G
---------- -------------------------------------------------- --------- -
CONTACTNUMBER   DEPARTMENTID
--------------- ------------
2.3105E+10 SHOBHA KUMARI                                      05-DEC-02 F
9263563230               104

2.3105E+10 ANAMIKA KUMARI                                     21-DEC-02 F
9263563290               105

2.3105E+10 BABLI KUMARI                                       22-DEC-02 F
9265563290               105


 STUDENTID NAME                                               DATEOFBIR G
---------- -------------------------------------------------- --------- -
CONTACTNUMBER   DEPARTMENTID
--------------- ------------
2.3105E+10 NIDHI KUMARI                                       28-DEC-02 F
9260563290               105

2.3105E+10 RITIKA KUMARI                                      20-DEC-05 F
9873563290               106

2.3105E+10 ARCHANA KUMARI                                     10-DEC-05 F
9879563290               106


 STUDENTID NAME                                               DATEOFBIR G
---------- -------------------------------------------------- --------- -
CONTACTNUMBER   DEPARTMENTID
--------------- ------------
2.3105E+10 PUJA KUMARI                                        30-DEC-05 F
4873563290               106

2.3105E+10 RITU KUMARI                                        20-FEB-05 F
7653563290               106

2.3105E+10 NITU KUMARI                                        22-DEC-05 F
9873563290               106


 STUDENTID NAME                                               DATEOFBIR G
---------- -------------------------------------------------- --------- -
CONTACTNUMBER   DEPARTMENTID
--------------- ------------
2.3105E+10 TANISHA KUMARI                                     26-DEC-05 F
8773563290               106

2.3105E+10 ROHIMI KUMARI                                      20-DEC-05 F
3873563290               106

2.3105E+10 ANIKA KUMARI                                       24-DEC-05 F
9873563250               107


 STUDENTID NAME                                               DATEOFBIR G
---------- -------------------------------------------------- --------- -
CONTACTNUMBER   DEPARTMENTID
--------------- ------------
2.3105E+10 ANNI KUMARI                                        24-DEC-05 F
9873563250               107

2.3105E+10 ANKITA KUMARI                                      04-DEC-05 F
8873563250               107

2.3105E+10 RAJNISH KUMARI                                     20-DEC-05 F
4873563250               107


 STUDENTID NAME                                               DATEOFBIR G
---------- -------------------------------------------------- --------- -
CONTACTNUMBER   DEPARTMENTID
--------------- ------------
2.3105E+10 ANINA KUMARI                                       24-DEC-05 F
8873563250               107

2.3105E+10 ANITA KUMARI                                       20-DEC-05 F
9773563250               107


32 rows selected.

SQL> SELECT * FROM Faculty1
  2  WHERE Designation = 'Assistant Professor';

no rows selected

SQL> SELECT * FROM Faculty1
  2  WHERE Designation = 'Associate Professor';

 FACULTYID NAME
---------- --------------------------------------------------
DESIGNATION
------------------------------
EMAIL                                              DEPARTMENTID
-------------------------------------------------- ------------
       501 SUJEET KUMAR
Associate Professor
sujeet989kumar@gmail.com                                    101

       503 M.D IZHAR
Associate Professor
izhar1@gmail.com                                            101

 FACULTYID NAME
---------- --------------------------------------------------
DESIGNATION
------------------------------
EMAIL                                              DEPARTMENTID
-------------------------------------------------- ------------

       505 Parveen Kumar
Associate Professor
parveen47@gmail.com                                         102

       508 PANKAJ KUMAR
Associate Professor

 FACULTYID NAME
---------- --------------------------------------------------
DESIGNATION
------------------------------
EMAIL                                              DEPARTMENTID
-------------------------------------------------- ------------
pankajk347@gmail.com                                        103

       509 RAUSHAN ANAND
Associate Professor
raushank347@gmail.com                                       103

       510 VICKY ANAND

 FACULTYID NAME
---------- --------------------------------------------------
DESIGNATION
------------------------------
EMAIL                                              DEPARTMENTID
-------------------------------------------------- ------------
Associate Professor
vickyanand4347@gmail.com                                    103

       511 RUPESH KUMAR
Associate Professor
rupesh947@gmail.com                                         104


 FACULTYID NAME
---------- --------------------------------------------------
DESIGNATION
------------------------------
EMAIL                                              DEPARTMENTID
-------------------------------------------------- ------------
       512 AKHILESH KUMAR
Associate Professor
akhilesh47@gmail.com                                        104

       513 BABLU DAS
Associate Professor
bablud76@gmail.com                                          104

 FACULTYID NAME
---------- --------------------------------------------------
DESIGNATION
------------------------------
EMAIL                                              DEPARTMENTID
-------------------------------------------------- ------------

       514 UTTAM KUMAR
Associate Professor
utamk@gmail.com                                             104

       515 ASHISH SUMAN KUMAR
Associate Professor

 FACULTYID NAME
---------- --------------------------------------------------
DESIGNATION
------------------------------
EMAIL                                              DEPARTMENTID
-------------------------------------------------- ------------
ashishs@gmail.com                                           105

       516 BHAVESH NANDAN
Associate Professor
bhavesh7@gmail.com                                          104

       517 SOMNATH KUMAR RAI

 FACULTYID NAME
---------- --------------------------------------------------
DESIGNATION
------------------------------
EMAIL                                              DEPARTMENTID
-------------------------------------------------- ------------
Associate Professor
somnath@gmail.com                                           105

       518 JITENDAR KUMAR
Associate Professor
jitendr@gmail.com                                           105


 FACULTYID NAME
---------- --------------------------------------------------
DESIGNATION
------------------------------
EMAIL                                              DEPARTMENTID
-------------------------------------------------- ------------
       519 DIPENDRA KUMAR
Associate Professor
dipendrak34@gmail.com                                       105

       520 NISHIKANT KUMAR
Associate Professor
nishik21@gmail.com                                          106

 FACULTYID NAME
---------- --------------------------------------------------
DESIGNATION
------------------------------
EMAIL                                              DEPARTMENTID
-------------------------------------------------- ------------

       521 SHIV KUMAR
Associate Professor
shivk@gmail.com                                             106

       522 ARUN KUMAR
Associate Professor

 FACULTYID NAME
---------- --------------------------------------------------
DESIGNATION
------------------------------
EMAIL                                              DEPARTMENTID
-------------------------------------------------- ------------
arun2@gmail.com                                             106

       523 RAVI RAJ
Associate Professor
ravi76@gmail.com                                            106

       524 PRITY KUMARI

 FACULTYID NAME
---------- --------------------------------------------------
DESIGNATION
------------------------------
EMAIL                                              DEPARTMENTID
-------------------------------------------------- ------------
Associate Professor
prityk90@gmail.com                                          107

       525 SHAKILA KUMARI
Associate Professor
shakilak90@gmail.com                                        107


 FACULTYID NAME
---------- --------------------------------------------------
DESIGNATION
------------------------------
EMAIL                                              DEPARTMENTID
-------------------------------------------------- ------------
       526 GANGESH KUMAR
Associate Professor
gangeshk90@gmail.com                                        107

       527 MANOJ KUMAR
Associate Professor
manojk90@gmail.com                                          107

 FACULTYID NAME
---------- --------------------------------------------------
DESIGNATION
------------------------------
EMAIL                                              DEPARTMENTID
-------------------------------------------------- ------------

       528 AJAY GIRI
Associate Professor
ajaygiri50@gmail.com                                        107


24 rows selected.

SQL> SELECT * FROM Faculty1
  2  WHERE DepartmentID = 102;

 FACULTYID NAME
---------- --------------------------------------------------
DESIGNATION
------------------------------
EMAIL                                              DEPARTMENTID
-------------------------------------------------- ------------
       504 M.D HAQUE
H.O.D
ehtasham47@gmail.com                                        102

       505 Parveen Kumar
Associate Professor
parveen47@gmail.com                                         102

 FACULTYID NAME
---------- --------------------------------------------------
DESIGNATION
------------------------------
EMAIL                                              DEPARTMENTID
-------------------------------------------------- ------------


SQL> SELECT * FROM Course11
  2  WHERE Credits >= 4;

  COURSEID COURSENAME                                            CREDITS
---------- -------------------------------------------------- ----------
DEPARTMENTID  FACULTYID
------------ ----------
    100501 ARTIFICIAL INTELLIGENCY                                     4
         101        501

    100502 SOFTWARE ENGINEERING                                        4
         101        502

    100503 DBMS                                                        4
         101        503


  COURSEID COURSENAME                                            CREDITS
---------- -------------------------------------------------- ----------
DEPARTMENTID  FACULTYID
------------ ----------
    100504 FLAT                                                        4
         101        504

    100505 PROFESSIONAL SKILL DEVELPMENT                               4
         101        505

    100506 MACHINE LEARNING                                            4
         107        501


  COURSEID COURSENAME                                            CREDITS
---------- -------------------------------------------------- ----------
DEPARTMENTID  FACULTYID
------------ ----------
    100507 COMPUTER NETWORK                                            4
         105        508

    100508 ARTIFICIAL INTELLIGENCE                                     5
         107        501

    100511 MECHANICS OF MATERIAL                                       5
         103        522


  COURSEID COURSENAME                                            CREDITS
---------- -------------------------------------------------- ----------
DEPARTMENTID  FACULTYID
------------ ----------
    100512 HYDROLOGY AND WATER RESOURES                                4
         103        523

    100513 FLUID MACHINARY                                             4
         104        524

   1005014 HEAT TRASFER                                                4
         104        511


  COURSEID COURSENAME                                            CREDITS
---------- -------------------------------------------------- ----------
DEPARTMENTID  FACULTYID
------------ ----------
    100515 KINEMATICS OF MACHINARY                                     4
         104        512

    100516 POWER ELECTRONICS                                           5
         105        516

    100517 CONTROL SYSTEM                                              5
         105        517


  COURSEID COURSENAME                                            CREDITS
---------- -------------------------------------------------- ----------
DEPARTMENTID  FACULTYID
------------ ----------
    100518 ANALOG N DIGITAL                                            5
         105        518

    100519 POWER ELECTRONICS                                           4
         106        519

    100520 POWER ELECTRONICS                                           4
         106        519


  COURSEID COURSENAME                                            CREDITS
---------- -------------------------------------------------- ----------
DEPARTMENTID  FACULTYID
------------ ----------
    100521 GEAOTECHNICAL ENGINEERING                                   4
         106        520

    100522 ENVIROMENTAL ENGINEERING                                    4
         106        521

    100523 3D MODELLING                                                4
         107        520


  COURSEID COURSENAME                                            CREDITS
---------- -------------------------------------------------- ----------
DEPARTMENTID  FACULTYID
------------ ----------
    100524 3D TEXTURING                                                5
         107        521

    100525 3D CHARACTER DESING                                         4
         107        522

    100527 DISCREATE MATHEMATICS                                       4
         102        520


  COURSEID COURSENAME                                            CREDITS
---------- -------------------------------------------------- ----------
DEPARTMENTID  FACULTYID
------------ ----------
    100528 DAA                                                         4
         102        520


25 rows selected.

SQL> SELECT * FROM Studentsssss1
  2  WHERE DateOfBirth > '2003-01-01';
WHERE DateOfBirth > '2003-01-01'
                    *
ERROR at line 2:
ORA-01861: literal does not match format string


SQL> SELECT * FROM Studentsssss1
  2  WHERE DateOfBirth > '2003-02-01';
WHERE DateOfBirth > '2003-02-01'
                    *
ERROR at line 2:
ORA-01861: literal does not match format string


SQL> SELECT * FROM Enrollment1
  2  WHERE Semester = '4';

no rows selected

SQL> SELECT * FROM Enrollment1
  2  WHERE Semester = '5';

no rows selected

SQL> SELECT * FROM Enrollment1
  2  WHERE Semester = '5th';

ENROLLMENTID  STUDENTID   COURSEID ENROLLMEN SEMESTER   GR
------------ ---------- ---------- --------- ---------- --
         501 2.3105E+10     100501 05-JAN-26 5th        A+
         502 2.3105E+10     100502 05-JAN-26 5th        B+
         503 2.3105E+10     100503 05-JAN-26 5th        A+
         504 2.3105E+10     100504 05-JAN-26 5th        C
         505 2.3105E+10     100505 05-JAN-26 5th        A+
         506 2.3105E+10     100506 15-JAN-26 5th        A+
         507 2.3105E+10     100507 05-JAN-26 5th        B+
         508 2.3105E+10     100508 05-FEB-26 5th        C
         509 2.3105E+10     100509 05-JAN-26 5th        B+
         510 2.3105E+10     100510 25-JAN-26 5th        B
         511 2.3105E+10     100511 07-JAN-26 5th        A+

ENROLLMENTID  STUDENTID   COURSEID ENROLLMEN SEMESTER   GR
------------ ---------- ---------- --------- ---------- --
         512 2.3105E+10     100512 05-JAN-26 5th        C
         513 2.3105E+10     100513 15-JAN-26 5th        A+
         514 2.3105E+10     100515 05-JAN-26 5th        A+
         515 2.3105E+10     100516 05-FEB-26 5th        C
        5016 2.3105E+10     100517 05-JAN-26 5th        A+
        5017 2.3105E+10     100518 05-JAN-26 5th        A+
        5018 2.3105E+10     100519 08-JAN-26 5th        B+
        5019 2.3105E+10     100520 05-JAN-26 5th        B
        5020 2.3105E+10     100521 12-JAN-26 5th        A+
        5021 2.3105E+10     100522 12-JAN-26 5th        A+
        5022 2.3105E+10     100522 15-JAN-26 5th        A+

ENROLLMENTID  STUDENTID   COURSEID ENROLLMEN SEMESTER   GR
------------ ---------- ---------- --------- ---------- --
        5023 2.3105E+10     100523 12-JAN-26 5th        B
        5024 2.3105E+10     100524 12-FEB-26 5th        A+
        5025 2.3105E+10     100525 12-FEB-26 5th        B+
        5026 2.3105E+10     100526 12-FEB-26 5th        C
        5027 2.3105E+10     100527 12-FEB-26 5th        A+
        5028 2.3105E+10     100528 12-FEB-26 5th        B+
        5029 2.3105E+10     100524 12-FEB-26 5th        A+
        5030 2.3105E+10     100520 12-FEB-26 5th        A+
        5031 2.3105E+10     100521 12-FEB-26 5th        B+
        5032 2.3105E+10     100515 12-FEB-26 5th        A+
        5033 2.3105E+10     100516 14-JAN-26 5th        A+

ENROLLMENTID  STUDENTID   COURSEID ENROLLMEN SEMESTER   GR
------------ ---------- ---------- --------- ---------- --
        5034 2.3105E+10     100524 18-FEB-26 5th        A+
        5035 2.3105E+10     100523 18-JAN-26 5th        A+
        5037 2.3105E+10     100521 18-FEB-26 5th        A+
        5038 2.3105E+10     100522 18-FEB-26 5th        A+
        5039 2.3105E+10     100523 18-FEB-26 5th        C
        5040 2.3105E+10     100521 18-FEB-26 5th        A+

39 rows selected.

SQL>
...... 

SQL> SELECT * FROM Studentsssss1
  2  ORDER BY Name ASC;

 STUDENTID NAME                                               DATEOFBIR G
---------- -------------------------------------------------- --------- -
CONTACTNUMBER   DEPARTMENTID
--------------- ------------
2.3105E+10  SMITA KUMARI                                      15-FEB-02 F
9263563230               104

2.3105E+10 AASHU KUMAR                                        13-NOV-03 M
9273363940               102

2.3105E+10 ALTAF                                              05-JUL-98 M
9876678546               101


 STUDENTID NAME                                               DATEOFBIR G
---------- -------------------------------------------------- --------- -
CONTACTNUMBER   DEPARTMENTID
--------------- ------------
2.3105E+10 AMARJEET KUMAR                                     07-FEB-04 M
5432678098               101

2.3105E+10 AMIT KUMAR                                         07-DEC-03 M
9163563240               103

2.3105E+10 ANAMIKA KUMARI                                     21-DEC-02 F
9263563290               105


 STUDENTID NAME                                               DATEOFBIR G
---------- -------------------------------------------------- --------- -
CONTACTNUMBER   DEPARTMENTID
--------------- ------------
2.3105E+10 ANANYA KUMARI                                      13-NOV-03 F
9263363946               102

2.3105E+10 ANIKA KUMARI                                       24-DEC-05 F
9873563250               107

2.3105E+10 ANINA KUMARI                                       24-DEC-05 F
8873563250               107


 STUDENTID NAME                                               DATEOFBIR G
---------- -------------------------------------------------- --------- -
CONTACTNUMBER   DEPARTMENTID
--------------- ------------
2.3105E+10 ANITA KUMARI                                       20-DEC-05 F
9773563250               107

2.3105E+10 ANKITA KUMARI                                      04-DEC-05 F
8873563250               107

2.3105E+10 ANNI KUMARI                                        24-DEC-05 F
9873563250               107


 STUDENTID NAME                                               DATEOFBIR G
---------- -------------------------------------------------- --------- -
CONTACTNUMBER   DEPARTMENTID
--------------- ------------
2.3105E+10 ANU KUMARI                                         01-NOV-03 F
9263343940               102

2.3105E+10 ARCHANA KUMARI                                     10-DEC-05 F
9879563290               106

2.3105E+10 ARUN KUMAR                                         20-DEC-02 M
3463563290               105


 STUDENTID NAME                                               DATEOFBIR G
---------- -------------------------------------------------- --------- -
CONTACTNUMBER   DEPARTMENTID
--------------- ------------
2.3105E+10 ASHA KUMARI                                        05-JAN-05 F
9142846256               101

2.3105E+10 ASHISH SRIVASTAV                                   24-DEC-02 M
9269563290               105

2.3105E+10 AVINASH KUMAR                                      27-DEC-05 M
9871563290               106


 STUDENTID NAME                                               DATEOFBIR G
---------- -------------------------------------------------- --------- -
CONTACTNUMBER   DEPARTMENTID
--------------- ------------
2.3105E+10 BABLI KUMARI                                       22-DEC-02 F
9265563290               105

2.3105E+10 BADAL KUMAR                                        07-NOV-03 M
9263563240               103

2.3105E+10 EKWAL                                              24-NOV-05 M
2873563250               107


 STUDENTID NAME                                               DATEOFBIR G
---------- -------------------------------------------------- --------- -
CONTACTNUMBER   DEPARTMENTID
--------------- ------------
2.3105E+10 GAJADHAR KUMAR                                     21-DEC-02 M
9863543290               105

2.3105E+10 GOVIND KUMAR                                       30-DEC-05 M
9873553290               107

2.3105E+10 HARSHIT KUMAR                                      24-DEC-05 M
9873563260               106


 STUDENTID NAME                                               DATEOFBIR G
---------- -------------------------------------------------- --------- -
CONTACTNUMBER   DEPARTMENTID
--------------- ------------
2.3105E+10 HIMANSHU KUMAR                                     07-NOV-03 M
9263563240               103

2.3105E+10 KAJAL KUMARI                                       23-NOV-03 F
9263369940               102

2.3105E+10 KOMAL KUMARI                                       23-NOV-03 F
9263363947               102


 STUDENTID NAME                                               DATEOFBIR G
---------- -------------------------------------------------- --------- -
CONTACTNUMBER   DEPARTMENTID
--------------- ------------
2.3105E+10 MALTI KUMARI                                       03-NOV-03 F
9263363940               102

2.3105E+10 MEENU KUMARI                                       13-NOV-03 F
9263563940               102

2.3105E+10 NIDHI KUMARI                                       28-DEC-02 F
9260563290               105


 STUDENTID NAME                                               DATEOFBIR G
---------- -------------------------------------------------- --------- -
CONTACTNUMBER   DEPARTMENTID
--------------- ------------
2.3105E+10 NIKHIL SINGH                                       23-FEB-04 F
5432672346               101

2.3105E+10 NITU KUMARI                                        22-DEC-05 F
9873563290               106

2.3105E+10 PIYUSH DANGI                                       01-NOV-02 M
9863563290               105


 STUDENTID NAME                                               DATEOFBIR G
---------- -------------------------------------------------- --------- -
CONTACTNUMBER   DEPARTMENTID
--------------- ------------
2.3105E+10 PIYUSH RAJ                                         13-FEB-04 M
8765678546               101

2.3105E+10 PIYUSH RAJ                                         22-DEC-02 M
9263563990               105

2.3105E+10 PREM KISOR                                         25-DEC-02 M
9263563220               104


 STUDENTID NAME                                               DATEOFBIR G
---------- -------------------------------------------------- --------- -
CONTACTNUMBER   DEPARTMENTID
--------------- ------------
2.3105E+10 PREM SAGAR                                         05-DEC-02 M
7263563230               104

2.3105E+10 PUJA KUMARI                                        30-DEC-05 F
4873563290               106

2.3105E+10 RAHUL KUMAR                                        13-NOV-03 M
9263363740               102


 STUDENTID NAME                                               DATEOFBIR G
---------- -------------------------------------------------- --------- -
CONTACTNUMBER   DEPARTMENTID
--------------- ------------
2.3105E+10 RAHUL KUMARI                                       07-NOV-03 M
9263563240               103

2.3105E+10 RAJA KUMAR                                         25-FEB-02 M
9263563280               105

2.3105E+10 RAJNISH KUMARI                                     20-DEC-05 F
4873563250               107


 STUDENTID NAME                                               DATEOFBIR G
---------- -------------------------------------------------- --------- -
CONTACTNUMBER   DEPARTMENTID
--------------- ------------
2.3105E+10 RAM SAGAR                                          15-DEC-02 M
9264563230               104

2.3105E+10 RANVIJAY KUMAR                                     08-FEB-04 M
5432678598               101

2.3105E+10 RITIKA KUMARI                                      20-DEC-05 F
9873563290               106


 STUDENTID NAME                                               DATEOFBIR G
---------- -------------------------------------------------- --------- -
CONTACTNUMBER   DEPARTMENTID
--------------- ------------
2.3105E+10 RITU KUMARI                                        20-FEB-05 F
7653563290               106

2.3105E+10 ROHAN KUMAR                                        05-FEB-02 M
9233563230               104

2.3105E+10 ROHIMI KUMARI                                      20-DEC-05 F
3873563290               106


 STUDENTID NAME                                               DATEOFBIR G
---------- -------------------------------------------------- --------- -
CONTACTNUMBER   DEPARTMENTID
--------------- ------------
2.3105E+10 ROHIT KUMAR                                        20-FEB-05 M
8873563290               106

2.3105E+10 SANSKAR                                            07-NOV-03 M
9263863240               103

2.3105E+10 SHIRSTY PRIYA                                      03-FEB-04 F
5432678546               101


 STUDENTID NAME                                               DATEOFBIR G
---------- -------------------------------------------------- --------- -
CONTACTNUMBER   DEPARTMENTID
--------------- ------------
2.3105E+10 SHOBHA KUMARI                                      05-DEC-02 F
9263563230               104

2.3105E+10 SHWETA KUMARI                                      05-DEC-02 F
8963563230               104

2.3105E+10 SONAM KUMARI                                       15-DEC-02 F
9273563230               104


 STUDENTID NAME                                               DATEOFBIR G
---------- -------------------------------------------------- --------- -
CONTACTNUMBER   DEPARTMENTID
--------------- ------------
2.3105E+10 SONU KUMAR                                         17-JAN-03 M
8263563240               103

2.3105E+10 SUSHIL SAGAR                                       05-DEC-02 M
9263563230               104

2.3105E+10 SWERNA KUMARI                                      07-DEC-02 F
9253563230               104


 STUDENTID NAME                                               DATEOFBIR G
---------- -------------------------------------------------- --------- -
CONTACTNUMBER   DEPARTMENTID
--------------- ------------
2.3105E+10 TANISHA KUMARI                                     26-DEC-05 F
8773563290               106

2.3105E+10 UDIT KUMAR                                         09-FEB-04 M
54326785496              101

2.3105E+10 jyoti KUMARI                                       07-NOV-03 F
9263563240               103


 STUDENTID NAME                                               DATEOFBIR G
---------- -------------------------------------------------- --------- -
CONTACTNUMBER   DEPARTMENTID
--------------- ------------
2.3105E+10 manisha KUMARI                                     13-NOV-02 F
9263563987               103


61 rows selected.

SQL> SELECT * FROM Studentsssss1
  2  ORDER BY DateOfBirth DESC;

 STUDENTID NAME                                               DATEOFBIR G
---------- -------------------------------------------------- --------- -
CONTACTNUMBER   DEPARTMENTID
--------------- ------------
2.3105E+10 GOVIND KUMAR                                       30-DEC-05 M
9873553290               107

2.3105E+10 PUJA KUMARI                                        30-DEC-05 F
4873563290               106

2.3105E+10 AVINASH KUMAR                                      27-DEC-05 M
9871563290               106


 STUDENTID NAME                                               DATEOFBIR G
---------- -------------------------------------------------- --------- -
CONTACTNUMBER   DEPARTMENTID
--------------- ------------
2.3105E+10 TANISHA KUMARI                                     26-DEC-05 F
8773563290               106

2.3105E+10 ANNI KUMARI                                        24-DEC-05 F
9873563250               107

2.3105E+10 ANIKA KUMARI                                       24-DEC-05 F
9873563250               107


 STUDENTID NAME                                               DATEOFBIR G
---------- -------------------------------------------------- --------- -
CONTACTNUMBER   DEPARTMENTID
--------------- ------------
2.3105E+10 HARSHIT KUMAR                                      24-DEC-05 M
9873563260               106

2.3105E+10 ANINA KUMARI                                       24-DEC-05 F
8873563250               107

2.3105E+10 NITU KUMARI                                        22-DEC-05 F
9873563290               106


 STUDENTID NAME                                               DATEOFBIR G
---------- -------------------------------------------------- --------- -
CONTACTNUMBER   DEPARTMENTID
--------------- ------------
2.3105E+10 ROHIMI KUMARI                                      20-DEC-05 F
3873563290               106

2.3105E+10 RAJNISH KUMARI                                     20-DEC-05 F
4873563250               107

2.3105E+10 RITIKA KUMARI                                      20-DEC-05 F
9873563290               106


 STUDENTID NAME                                               DATEOFBIR G
---------- -------------------------------------------------- --------- -
CONTACTNUMBER   DEPARTMENTID
--------------- ------------
2.3105E+10 ANITA KUMARI                                       20-DEC-05 F
9773563250               107

2.3105E+10 ARCHANA KUMARI                                     10-DEC-05 F
9879563290               106

2.3105E+10 ANKITA KUMARI                                      04-DEC-05 F
8873563250               107


 STUDENTID NAME                                               DATEOFBIR G
---------- -------------------------------------------------- --------- -
CONTACTNUMBER   DEPARTMENTID
--------------- ------------
2.3105E+10 EKWAL                                              24-NOV-05 M
2873563250               107

2.3105E+10 RITU KUMARI                                        20-FEB-05 F
7653563290               106

2.3105E+10 ROHIT KUMAR                                        20-FEB-05 M
8873563290               106


 STUDENTID NAME                                               DATEOFBIR G
---------- -------------------------------------------------- --------- -
CONTACTNUMBER   DEPARTMENTID
--------------- ------------
2.3105E+10 ASHA KUMARI                                        05-JAN-05 F
9142846256               101

2.3105E+10 NIKHIL SINGH                                       23-FEB-04 F
5432672346               101

2.3105E+10 PIYUSH RAJ                                         13-FEB-04 M
8765678546               101


 STUDENTID NAME                                               DATEOFBIR G
---------- -------------------------------------------------- --------- -
CONTACTNUMBER   DEPARTMENTID
--------------- ------------
2.3105E+10 UDIT KUMAR                                         09-FEB-04 M
54326785496              101

2.3105E+10 RANVIJAY KUMAR                                     08-FEB-04 M
5432678598               101

2.3105E+10 AMARJEET KUMAR                                     07-FEB-04 M
5432678098               101


 STUDENTID NAME                                               DATEOFBIR G
---------- -------------------------------------------------- --------- -
CONTACTNUMBER   DEPARTMENTID
--------------- ------------
2.3105E+10 SHIRSTY PRIYA                                      03-FEB-04 F
5432678546               101

2.3105E+10 AMIT KUMAR                                         07-DEC-03 M
9163563240               103

2.3105E+10 KOMAL KUMARI                                       23-NOV-03 F
9263363947               102


 STUDENTID NAME                                               DATEOFBIR G
---------- -------------------------------------------------- --------- -
CONTACTNUMBER   DEPARTMENTID
--------------- ------------
2.3105E+10 KAJAL KUMARI                                       23-NOV-03 F
9263369940               102

2.3105E+10 MEENU KUMARI                                       13-NOV-03 F
9263563940               102

2.3105E+10 AASHU KUMAR                                        13-NOV-03 M
9273363940               102


 STUDENTID NAME                                               DATEOFBIR G
---------- -------------------------------------------------- --------- -
CONTACTNUMBER   DEPARTMENTID
--------------- ------------
2.3105E+10 ANANYA KUMARI                                      13-NOV-03 F
9263363946               102

2.3105E+10 RAHUL KUMAR                                        13-NOV-03 M
9263363740               102

2.3105E+10 BADAL KUMAR                                        07-NOV-03 M
9263563240               103


 STUDENTID NAME                                               DATEOFBIR G
---------- -------------------------------------------------- --------- -
CONTACTNUMBER   DEPARTMENTID
--------------- ------------
2.3105E+10 HIMANSHU KUMAR                                     07-NOV-03 M
9263563240               103

2.3105E+10 RAHUL KUMARI                                       07-NOV-03 M
9263563240               103

2.3105E+10 jyoti KUMARI                                       07-NOV-03 F
9263563240               103


 STUDENTID NAME                                               DATEOFBIR G
---------- -------------------------------------------------- --------- -
CONTACTNUMBER   DEPARTMENTID
--------------- ------------
2.3105E+10 SANSKAR                                            07-NOV-03 M
9263863240               103

2.3105E+10 MALTI KUMARI                                       03-NOV-03 F
9263363940               102

2.3105E+10 ANU KUMARI                                         01-NOV-03 F
9263343940               102


 STUDENTID NAME                                               DATEOFBIR G
---------- -------------------------------------------------- --------- -
CONTACTNUMBER   DEPARTMENTID
--------------- ------------
2.3105E+10 SONU KUMAR                                         17-JAN-03 M
8263563240               103

2.3105E+10 NIDHI KUMARI                                       28-DEC-02 F
9260563290               105

2.3105E+10 PREM KISOR                                         25-DEC-02 M
9263563220               104


 STUDENTID NAME                                               DATEOFBIR G
---------- -------------------------------------------------- --------- -
CONTACTNUMBER   DEPARTMENTID
--------------- ------------
2.3105E+10 ASHISH SRIVASTAV                                   24-DEC-02 M
9269563290               105

2.3105E+10 PIYUSH RAJ                                         22-DEC-02 M
9263563990               105

2.3105E+10 BABLI KUMARI                                       22-DEC-02 F
9265563290               105


 STUDENTID NAME                                               DATEOFBIR G
---------- -------------------------------------------------- --------- -
CONTACTNUMBER   DEPARTMENTID
--------------- ------------
2.3105E+10 GAJADHAR KUMAR                                     21-DEC-02 M
9863543290               105

2.3105E+10 ANAMIKA KUMARI                                     21-DEC-02 F
9263563290               105

2.3105E+10 ARUN KUMAR                                         20-DEC-02 M
3463563290               105


 STUDENTID NAME                                               DATEOFBIR G
---------- -------------------------------------------------- --------- -
CONTACTNUMBER   DEPARTMENTID
--------------- ------------
2.3105E+10 SONAM KUMARI                                       15-DEC-02 F
9273563230               104

2.3105E+10 RAM SAGAR                                          15-DEC-02 M
9264563230               104

2.3105E+10 SWERNA KUMARI                                      07-DEC-02 F
9253563230               104


 STUDENTID NAME                                               DATEOFBIR G
---------- -------------------------------------------------- --------- -
CONTACTNUMBER   DEPARTMENTID
--------------- ------------
2.3105E+10 SHWETA KUMARI                                      05-DEC-02 F
8963563230               104

2.3105E+10 SHOBHA KUMARI                                      05-DEC-02 F
9263563230               104

2.3105E+10 PREM SAGAR                                         05-DEC-02 M
7263563230               104


 STUDENTID NAME                                               DATEOFBIR G
---------- -------------------------------------------------- --------- -
CONTACTNUMBER   DEPARTMENTID
--------------- ------------
2.3105E+10 SUSHIL SAGAR                                       05-DEC-02 M
9263563230               104

2.3105E+10 manisha KUMARI                                     13-NOV-02 F
9263563987               103

2.3105E+10 PIYUSH DANGI                                       01-NOV-02 M
9863563290               105


 STUDENTID NAME                                               DATEOFBIR G
---------- -------------------------------------------------- --------- -
CONTACTNUMBER   DEPARTMENTID
--------------- ------------
2.3105E+10 RAJA KUMAR                                         25-FEB-02 M
9263563280               105

2.3105E+10  SMITA KUMARI                                      15-FEB-02 F
9263563230               104

2.3105E+10 ROHAN KUMAR                                        05-FEB-02 M
9233563230               104


 STUDENTID NAME                                               DATEOFBIR G
---------- -------------------------------------------------- --------- -
CONTACTNUMBER   DEPARTMENTID
--------------- ------------
2.3105E+10 ALTAF                                              05-JUL-98 M
9876678546               101


61 rows selected.

SQL> SELECT * FROM Faculty1
  2  ORDER BY Designation ASC;

 FACULTYID NAME
---------- --------------------------------------------------
DESIGNATION
------------------------------
EMAIL                                              DEPARTMENTID
-------------------------------------------------- ------------
       501 SUJEET KUMAR
Associate Professor
sujeet989kumar@gmail.com                                    101

       515 ASHISH SUMAN KUMAR
Associate Professor
ashishs@gmail.com                                           105

 FACULTYID NAME
---------- --------------------------------------------------
DESIGNATION
------------------------------
EMAIL                                              DEPARTMENTID
-------------------------------------------------- ------------

       527 MANOJ KUMAR
Associate Professor
manojk90@gmail.com                                          107

       503 M.D IZHAR
Associate Professor

 FACULTYID NAME
---------- --------------------------------------------------
DESIGNATION
------------------------------
EMAIL                                              DEPARTMENTID
-------------------------------------------------- ------------
izhar1@gmail.com                                            101

       505 Parveen Kumar
Associate Professor
parveen47@gmail.com                                         102

       508 PANKAJ KUMAR

 FACULTYID NAME
---------- --------------------------------------------------
DESIGNATION
------------------------------
EMAIL                                              DEPARTMENTID
-------------------------------------------------- ------------
Associate Professor
pankajk347@gmail.com                                        103

       509 RAUSHAN ANAND
Associate Professor
raushank347@gmail.com                                       103


 FACULTYID NAME
---------- --------------------------------------------------
DESIGNATION
------------------------------
EMAIL                                              DEPARTMENTID
-------------------------------------------------- ------------
       510 VICKY ANAND
Associate Professor
vickyanand4347@gmail.com                                    103

       511 RUPESH KUMAR
Associate Professor
rupesh947@gmail.com                                         104

 FACULTYID NAME
---------- --------------------------------------------------
DESIGNATION
------------------------------
EMAIL                                              DEPARTMENTID
-------------------------------------------------- ------------

       512 AKHILESH KUMAR
Associate Professor
akhilesh47@gmail.com                                        104

       513 BABLU DAS
Associate Professor

 FACULTYID NAME
---------- --------------------------------------------------
DESIGNATION
------------------------------
EMAIL                                              DEPARTMENTID
-------------------------------------------------- ------------
bablud76@gmail.com                                          104

       514 UTTAM KUMAR
Associate Professor
utamk@gmail.com                                             104

       528 AJAY GIRI

 FACULTYID NAME
---------- --------------------------------------------------
DESIGNATION
------------------------------
EMAIL                                              DEPARTMENTID
-------------------------------------------------- ------------
Associate Professor
ajaygiri50@gmail.com                                        107

       516 BHAVESH NANDAN
Associate Professor
bhavesh7@gmail.com                                          104


 FACULTYID NAME
---------- --------------------------------------------------
DESIGNATION
------------------------------
EMAIL                                              DEPARTMENTID
-------------------------------------------------- ------------
       517 SOMNATH KUMAR RAI
Associate Professor
somnath@gmail.com                                           105

       518 JITENDAR KUMAR
Associate Professor
jitendr@gmail.com                                           105

 FACULTYID NAME
---------- --------------------------------------------------
DESIGNATION
------------------------------
EMAIL                                              DEPARTMENTID
-------------------------------------------------- ------------

       519 DIPENDRA KUMAR
Associate Professor
dipendrak34@gmail.com                                       105

       520 NISHIKANT KUMAR
Associate Professor

 FACULTYID NAME
---------- --------------------------------------------------
DESIGNATION
------------------------------
EMAIL                                              DEPARTMENTID
-------------------------------------------------- ------------
nishik21@gmail.com                                          106

       521 SHIV KUMAR
Associate Professor
shivk@gmail.com                                             106

       522 ARUN KUMAR

 FACULTYID NAME
---------- --------------------------------------------------
DESIGNATION
------------------------------
EMAIL                                              DEPARTMENTID
-------------------------------------------------- ------------
Associate Professor
arun2@gmail.com                                             106

       523 RAVI RAJ
Associate Professor
ravi76@gmail.com                                            106


 FACULTYID NAME
---------- --------------------------------------------------
DESIGNATION
------------------------------
EMAIL                                              DEPARTMENTID
-------------------------------------------------- ------------
       524 PRITY KUMARI
Associate Professor
prityk90@gmail.com                                          107

       525 SHAKILA KUMARI
Associate Professor
shakilak90@gmail.com                                        107

 FACULTYID NAME
---------- --------------------------------------------------
DESIGNATION
------------------------------
EMAIL                                              DEPARTMENTID
-------------------------------------------------- ------------

       526 GANGESH KUMAR
Associate Professor
gangeshk90@gmail.com                                        107

       504 M.D HAQUE
H.O.D

 FACULTYID NAME
---------- --------------------------------------------------
DESIGNATION
------------------------------
EMAIL                                              DEPARTMENTID
-------------------------------------------------- ------------
ehtasham47@gmail.com                                        102

       502 MURLIDHAR SINGH PRASAD
H.O.D
murli1989kumar@gmail.com                                    101


26 rows selected.

SQL> SELECT * FROM Faculty1
  2
SQL> SELECT * FROM Course11
  2  ORDER BY Credits DESC;

  COURSEID COURSENAME                                            CREDITS
---------- -------------------------------------------------- ----------
DEPARTMENTID  FACULTYID
------------ ----------
    100517 CONTROL SYSTEM                                              5
         105        517

    100516 POWER ELECTRONICS                                           5
         105        516

    100511 MECHANICS OF MATERIAL                                       5
         103        522


  COURSEID COURSENAME                                            CREDITS
---------- -------------------------------------------------- ----------
DEPARTMENTID  FACULTYID
------------ ----------
    100518 ANALOG N DIGITAL                                            5
         105        518

    100524 3D TEXTURING                                                5
         107        521

    100508 ARTIFICIAL INTELLIGENCE                                     5
         107        501


  COURSEID COURSENAME                                            CREDITS
---------- -------------------------------------------------- ----------
DEPARTMENTID  FACULTYID
------------ ----------
    100507 COMPUTER NETWORK                                            4
         105        508

    100512 HYDROLOGY AND WATER RESOURES                                4
         103        523

    100513 FLUID MACHINARY                                             4
         104        524


  COURSEID COURSENAME                                            CREDITS
---------- -------------------------------------------------- ----------
DEPARTMENTID  FACULTYID
------------ ----------
   1005014 HEAT TRASFER                                                4
         104        511

    100515 KINEMATICS OF MACHINARY                                     4
         104        512

    100506 MACHINE LEARNING                                            4
         107        501


  COURSEID COURSENAME                                            CREDITS
---------- -------------------------------------------------- ----------
DEPARTMENTID  FACULTYID
------------ ----------
    100505 PROFESSIONAL SKILL DEVELPMENT                               4
         101        505

    100504 FLAT                                                        4
         101        504

    100503 DBMS                                                        4
         101        503


  COURSEID COURSENAME                                            CREDITS
---------- -------------------------------------------------- ----------
DEPARTMENTID  FACULTYID
------------ ----------
    100528 DAA                                                         4
         102        520

    100501 ARTIFICIAL INTELLIGENCY                                     4
         101        501

    100502 SOFTWARE ENGINEERING                                        4
         101        502


  COURSEID COURSENAME                                            CREDITS
---------- -------------------------------------------------- ----------
DEPARTMENTID  FACULTYID
------------ ----------
    100527 DISCREATE MATHEMATICS                                       4
         102        520

    100525 3D CHARACTER DESING                                         4
         107        522

    100519 POWER ELECTRONICS                                           4
         106        519


  COURSEID COURSENAME                                            CREDITS
---------- -------------------------------------------------- ----------
DEPARTMENTID  FACULTYID
------------ ----------
    100520 POWER ELECTRONICS                                           4
         106        519

    100521 GEAOTECHNICAL ENGINEERING                                   4
         106        520

    100522 ENVIROMENTAL ENGINEERING                                    4
         106        521


  COURSEID COURSENAME                                            CREDITS
---------- -------------------------------------------------- ----------
DEPARTMENTID  FACULTYID
------------ ----------
    100523 3D MODELLING                                                4
         107        520

    100526 DESIGN THINKING                                             3
         107        520

    100510 ENVIROMENTAL ENGINEERING                                    3
         103        501


  COURSEID COURSENAME                                            CREDITS
---------- -------------------------------------------------- ----------
DEPARTMENTID  FACULTYID
------------ ----------
    100509 GEOTECHNICAL ENGINEERING                                    2
         105        501


28 rows selected.

SQL> SELECT * FROM Studentsssss1
  2  LIMIT 3;
LIMIT 3
      *
ERROR at line 2:
ORA-00933: SQL command not properly ended


SQL> SELECT * FROM Studentsssss1
  2  FETCH FIRST 3 ROWS ONLY;

 STUDENTID NAME                                               DATEOFBIR G
---------- -------------------------------------------------- --------- -
CONTACTNUMBER   DEPARTMENTID
--------------- ------------
2.3105E+10 SHIRSTY PRIYA                                      03-FEB-04 F
5432678546               101

2.3105E+10 PIYUSH RAJ                                         13-FEB-04 M
8765678546               101

2.3105E+10 NIKHIL SINGH                                       23-FEB-04 F
5432672346               101


SQL> SELECT * FROM Course11
  2  FETCH FIRST 3 ROWS ONLY;

  COURSEID COURSENAME                                            CREDITS
---------- -------------------------------------------------- ----------
DEPARTMENTID  FACULTYID
------------ ----------
    100501 ARTIFICIAL INTELLIGENCY                                     4
         101        501

    100502 SOFTWARE ENGINEERING                                        4
         101        502

    100503 DBMS                                                        4
         101        503


SQL>

SQL> SELECT Name,
  2  TRUNC(MONTHS_BETWEEN(SYSDATE, DateOfBirth)/12) AS Age
  3  FROM Studentsssss1;

NAME                                                   AGE
-------------------------------------------------- ----------
SHIRSTY PRIYA                                           22
PIYUSH RAJ                                              22
NIKHIL SINGH                                            21
RANVIJAY KUMAR                                          22
UDIT KUMAR                                              22
AMARJEET KUMAR                                          22
ALTAF                                                   27
ASHA KUMARI                                             21
ANANYA KUMARI                                           22
MALTI KUMARI                                            22
KOMAL KUMARI                                            22

NAME                                                   AGE
-------------------------------------------------- ----------
RAHUL KUMAR                                             22
ANU KUMARI                                              22
KAJAL KUMARI                                            22
AASHU KUMAR                                             22
MEENU KUMARI                                            22
manisha KUMARI                                          23
jyoti KUMARI                                            22
SANSKAR                                                 22
AMIT KUMAR                                              22
SONU KUMAR                                              23
HIMANSHU KUMAR                                          22

NAME                                                   AGE
-------------------------------------------------- ----------
RAHUL KUMARI                                            22
BADAL KUMAR                                             22
SUSHIL SAGAR                                            23
PREM SAGAR                                              23
RAM SAGAR                                               23
PREM KISOR                                              23
ROHAN KUMAR                                             24
 SMITA KUMARI                                           24
SHWETA KUMARI                                           23
SWERNA KUMARI                                           23
SONAM KUMARI                                            23

NAME                                                   AGE
-------------------------------------------------- ----------
SHOBHA KUMARI                                           23
RAJA KUMAR                                              23
ANAMIKA KUMARI                                          23
BABLI KUMARI                                            23
PIYUSH RAJ                                              23
GAJADHAR KUMAR                                          23
ASHISH SRIVASTAV                                        23
NIDHI KUMARI                                            23
PIYUSH DANGI                                            23
ARUN KUMAR                                              23
RITIKA KUMARI                                           20

NAME                                                   AGE
-------------------------------------------------- ----------
ROHIT KUMAR                                             20
AVINASH KUMAR                                           20
ARCHANA KUMARI                                          20
PUJA KUMARI                                             20
RITU KUMARI                                             20
NITU KUMARI                                             20
TANISHA KUMARI                                          20
HARSHIT KUMAR                                           20
ROHIMI KUMARI                                           20
GOVIND KUMAR                                            20
ANIKA KUMARI                                            20

NAME                                                   AGE
-------------------------------------------------- ----------
ANNI KUMARI                                             20
ANKITA KUMARI                                           20
RAJNISH KUMARI                                          20
EKWAL                                                   20
ANINA KUMARI                                            20
ANITA KUMARI                                            20

61 rows selected.

SQL> SELECT CourseName,
  2         Credits + 1 AS Updated_Credits
  3  FROM Course11;

COURSENAME                                         UPDATED_CREDITS
-------------------------------------------------- ---------------
ARTIFICIAL INTELLIGENCY                               5
SOFTWARE ENGINEERING                                  5
DBMS                                                  5
FLAT                                                  5
PROFESSIONAL SKILL DEVELPMENT                         5
MACHINE LEARNING                                      5
COMPUTER NETWORK                                      5
ARTIFICIAL INTELLIGENCE                               6
GEOTECHNICAL ENGINEERING                              3
ENVIROMENTAL ENGINEERING                              4
MECHANICS OF MATERIAL                                 6

COURSENAME                                         UPDATED_CREDITS
-------------------------------------------------- ---------------
HYDROLOGY AND WATER RESOURES                          5
FLUID MACHINARY                                       5
HEAT TRASFER                                          5
KINEMATICS OF MACHINARY                               5
POWER ELECTRONICS                                     6
CONTROL SYSTEM                                        6
ANALOG N DIGITAL                                      6
POWER ELECTRONICS                                     5
POWER ELECTRONICS                                     5
GEAOTECHNICAL ENGINEERING                             5
ENVIROMENTAL ENGINEERING                              5

COURSENAME                                         UPDATED_CREDITS
-------------------------------------------------- ---------------
3D MODELLING                                          5
3D TEXTURING                                          6
3D CHARACTER DESING                                   5
DESIGN THINKING                                       4
DISCREATE MATHEMATICS                                 5
DAA                                                   5

28 rows selected.

SQL> SELECT EnrollmentID,
  2         StudentID,
  3         CourseID,
  4         Grade AS Final_Grade
  5  FROM Enrollment1;

ENROLLMENTID  STUDENTID   COURSEID FI
------------ ---------- ---------- --
         501 2.3105E+10     100501 A+
         502 2.3105E+10     100502 B+
         503 2.3105E+10     100503 A+
         504 2.3105E+10     100504 C
         505 2.3105E+10     100505 A+
         506 2.3105E+10     100506 A+
         507 2.3105E+10     100507 B+
         508 2.3105E+10     100508 C
         509 2.3105E+10     100509 B+
         510 2.3105E+10     100510 B
         511 2.3105E+10     100511 A+

ENROLLMENTID  STUDENTID   COURSEID FI
------------ ---------- ---------- --
         512 2.3105E+10     100512 C
         513 2.3105E+10     100513 A+
         514 2.3105E+10     100515 A+
         515 2.3105E+10     100516 C
        5016 2.3105E+10     100517 A+
        5017 2.3105E+10     100518 A+
        5018 2.3105E+10     100519 B+
        5019 2.3105E+10     100520 B
        5020 2.3105E+10     100521 A+
        5021 2.3105E+10     100522 A+
        5022 2.3105E+10     100522 A+

ENROLLMENTID  STUDENTID   COURSEID FI
------------ ---------- ---------- --
        5023 2.3105E+10     100523 B
        5024 2.3105E+10     100524 A+
        5025 2.3105E+10     100525 B+
        5026 2.3105E+10     100526 C
        5027 2.3105E+10     100527 A+
        5028 2.3105E+10     100528 B+
        5029 2.3105E+10     100524 A+
        5030 2.3105E+10     100520 A+
        5031 2.3105E+10     100521 B+
        5032 2.3105E+10     100515 A+
        5033 2.3105E+10     100516 A+

ENROLLMENTID  STUDENTID   COURSEID FI
------------ ---------- ---------- --
        5034 2.3105E+10     100524 A+
        5035 2.3105E+10     100523 A+
        5037 2.3105E+10     100521 A+
        5038 2.3105E+10     100522 A+
        5039 2.3105E+10     100523 C
        5040 2.3105E+10     100521 A+

39 rows selected.

SQL> SELECT Name,
  2         SUBSTRING_INDEX(Email, '@', -1) AS Email_Domain
  3  FROM Faculty1;
       SUBSTRING_INDEX(Email, '@', -1) AS Email_Domain
       *
ERROR at line 2:
ORA-00904: "SUBSTRING_INDEX": invalid identifier


SQL> SELECT Name,
  2         YEAR(DateOfBirth) AS Birth_Year
  3  FROM Studentsssss1;
       YEAR(DateOfBirth) AS Birth_Year
       *
ERROR at line 2:
ORA-00904: "YEAR": invalid identifier


SQL> SELECT Name,
  2  EXTRACT(YEAR FROM DateOfBirth) AS Birth_Year
  3  FROM Studentsssss1;

NAME                                               BIRTH_YEAR
-------------------------------------------------- ----------
SHIRSTY PRIYA                                         2004
PIYUSH RAJ                                            2004
NIKHIL SINGH                                          2004
RANVIJAY KUMAR                                        2004
UDIT KUMAR                                            2004
AMARJEET KUMAR                                        2004
ALTAF                                                 1998
ASHA KUMARI                                           2005
ANANYA KUMARI                                         2003
MALTI KUMARI                                          2003
KOMAL KUMARI                                          2003

NAME                                               BIRTH_YEAR
-------------------------------------------------- ----------
RAHUL KUMAR                                           2003
ANU KUMARI                                            2003
KAJAL KUMARI                                          2003
AASHU KUMAR                                           2003
MEENU KUMARI                                          2003
manisha KUMARI                                        2002
jyoti KUMARI                                          2003
SANSKAR                                               2003
AMIT KUMAR                                            2003
SONU KUMAR                                            2003
HIMANSHU KUMAR                                        2003

NAME                                               BIRTH_YEAR
-------------------------------------------------- ----------
RAHUL KUMARI                                          2003
BADAL KUMAR                                           2003
SUSHIL SAGAR                                          2002
PREM SAGAR                                            2002
RAM SAGAR                                             2002
PREM KISOR                                            2002
ROHAN KUMAR                                           2002
 SMITA KUMARI                                         2002
SHWETA KUMARI                                         2002
SWERNA KUMARI                                         2002
SONAM KUMARI                                          2002

NAME                                               BIRTH_YEAR
-------------------------------------------------- ----------
SHOBHA KUMARI                                         2002
RAJA KUMAR                                            2002
ANAMIKA KUMARI                                        2002
BABLI KUMARI                                          2002
PIYUSH RAJ                                            2002
GAJADHAR KUMAR                                        2002
ASHISH SRIVASTAV                                      2002
NIDHI KUMARI                                          2002
PIYUSH DANGI                                          2002
ARUN KUMAR                                            2002
RITIKA KUMARI                                         2005

NAME                                               BIRTH_YEAR
-------------------------------------------------- ----------
ROHIT KUMAR                                           2005
AVINASH KUMAR                                         2005
ARCHANA KUMARI                                        2005
PUJA KUMARI                                           2005
RITU KUMARI                                           2005
NITU KUMARI                                           2005
TANISHA KUMARI                                        2005
HARSHIT KUMAR                                         2005
ROHIMI KUMARI                                         2005
GOVIND KUMAR                                          2005
ANIKA KUMARI                                          2005

NAME                                               BIRTH_YEAR
-------------------------------------------------- ----------
ANNI KUMARI                                           2005
ANKITA KUMARI                                         2005
RAJNISH KUMARI                                        2005
EKWAL                                                 2005
ANINA KUMARI                                          2005
ANITA KUMARI                                          2005

61 rows selected.

SQL> SELECT Name,
  2         SUBSTRING_INDEX(Email, '@', -1) AS Email_Domain
  3  FROM Faculty1;
       SUBSTRING_INDEX(Email, '@', -1) AS Email_Domain
       *
ERROR at line 2:
ORA-00904: "SUBSTRING_INDEX": invalid identifier


SQL> SELECT Name,
  2  SUBSTR(Email, INSTR(Email, '@') + 1) AS Email_Domain
  3  FROM Faculty1;

NAME
--------------------------------------------------
EMAIL_DOMAIN
--------------------------------------------------------------------------------
SUJEET KUMAR
gmail.com

MURLIDHAR SINGH PRASAD
gmail.com

M.D IZHAR
gmail.com


NAME
--------------------------------------------------
EMAIL_DOMAIN
--------------------------------------------------------------------------------
M.D HAQUE
gmail.com

Parveen Kumar
gmail.com

PANKAJ KUMAR
gmail.com


NAME
--------------------------------------------------
EMAIL_DOMAIN
--------------------------------------------------------------------------------
RAUSHAN ANAND
gmail.com

VICKY ANAND
gmail.com

RUPESH KUMAR
gmail.com


NAME
--------------------------------------------------
EMAIL_DOMAIN
--------------------------------------------------------------------------------
AKHILESH KUMAR
gmail.com

BABLU DAS
gmail.com

UTTAM KUMAR
gmail.com


NAME
--------------------------------------------------
EMAIL_DOMAIN
--------------------------------------------------------------------------------
ASHISH SUMAN KUMAR
gmail.com

BHAVESH NANDAN
gmail.com

SOMNATH KUMAR RAI
gmail.com


NAME
--------------------------------------------------
EMAIL_DOMAIN
--------------------------------------------------------------------------------
JITENDAR KUMAR
gmail.com

DIPENDRA KUMAR
gmail.com

NISHIKANT KUMAR
gmail.com


NAME
--------------------------------------------------
EMAIL_DOMAIN
--------------------------------------------------------------------------------
SHIV KUMAR
gmail.com

ARUN KUMAR
gmail.com

RAVI RAJ
gmail.com


NAME
--------------------------------------------------
EMAIL_DOMAIN
--------------------------------------------------------------------------------
PRITY KUMARI
gmail.com

SHAKILA KUMARI
gmail.com

GANGESH KUMAR
gmail.com


NAME
--------------------------------------------------
EMAIL_DOMAIN
--------------------------------------------------------------------------------
MANOJ KUMAR
gmail.com

AJAY GIRI
gmail.com


26 rows selected.

SQL>